// Jest Snapshot v1, https://goo.gl/fbAQLP

exports[`BannerCard matches snapshot 1`] = `ShallowWrapper {}`;
