// Jest Snapshot v1, https://goo.gl/fbAQLP

exports[`Login matches snapshot 1`] = `ShallowWrapper {}`;
